// Jest Snapshot v1, https://goo.gl/fbAQLP

exports[`HelpDef.vue should render correct home form 1`] = `
<v-container fluid="" class="fill-height">
  <v-row align="center" justify="center">
    <v-col cols="12" sm="12" md="8">
      <v-card class="elevation-12">
        <v-toolbar color="primary" dark="" flat="">
          <v-toolbar-title name="title" id="title">help.formtitle</v-toolbar-title>
        </v-toolbar>
        <v-card-text>
          <v-expansion-panels>
            <v-expansion-panel>
              <v-expansion-panel-header>help.firststeps</v-expansion-panel-header>
              <v-expansion-panel-content>help.firststeps-content</v-expansion-panel-content>
            </v-expansion-panel>
            <v-expansion-panel>
              <v-expansion-panel-header>help.newgroup</v-expansion-panel-header>
              <v-expansion-panel-content>help.newgroup-content</v-expansion-panel-content>
            </v-expansion-panel>
            <v-expansion-panel>
              <v-expansion-panel-header>help.drawmember</v-expansion-panel-header>
              <v-expansion-panel-content>help.drawmember-content</v-expansion-panel-content>
            </v-expansion-panel>
          </v-expansion-panels>
        </v-card-text>
        <v-card-actions>
          <v-btn name="routehome" id="routehome" color="secondary">help.home</v-btn>
        </v-card-actions>
      </v-card>
    </v-col>
  </v-row>
</v-container>
`;
