// Jest Snapshot v1, https://goo.gl/fbAQLP

exports[`NewGroupDef.vue should render correct group creation form 1`] = `
<v-container fluid="" class="fill-height">
  <v-row align="center" justify="center">
    <v-col cols="12" sm="12" md="8">
      <v-card class="elevation-12">
        <v-toolbar color="primary" dark="" flat="">
          <v-toolbar-title>new-group.formtitle</v-toolbar-title>
          <!---->
          <v-spacer></v-spacer>
          <v-btn icon="">
            <v-icon>mdi-help</v-icon>
          </v-btn>
        </v-toolbar>
        <v-card-text>
          <v-stepper alt-labels="">
            <v-stepper-header>
              <v-stepper-step step="1">new-group.group</v-stepper-step>
              <v-divider></v-divider>
              <v-stepper-step step="2">new-group.member</v-stepper-step>
              <v-divider></v-divider>
              <v-stepper-step step="3">new-group.result</v-stepper-step>
            </v-stepper-header>
            <v-stepper-items>
              <v-stepper-content step="1">
                <v-alert name="info" id="info" type="info" outlined="" dismissible="">new-group.info1</v-alert>
                <!---->
                <v-text-field label="new-group.name" name="groupname" id="groupname" type="text" prepend-icon="mdi-account-group" counter="15" error-messages=""></v-text-field>
                <v-text-field label="new-group.membercount" name="name" id="name" type="number" prepend-icon="mdi-numeric" min="2" max="50" error-messages=""></v-text-field>
                <v-divider></v-divider>
                <v-checkbox label="new-group.rerolls" name="enableRerolls" id="enableRerolls" prepend-icon="mdi-sync" color="primary"></v-checkbox>
                <v-text-field label="new-group.rerolls-slider" name="rerolls" id="rerolls" type="number" prepend-icon="mdi-sync" min="0" max="100" error-messages="" disabled="true"></v-text-field>
              </v-stepper-content>
              <v-stepper-content step="2">
                <v-alert name="info" id="info" type="info" outlined="" dismissible="">new-group.info2</v-alert>
                <!---->
                <v-simple-table fixed-header="">
                  <thead>
                    <tr>
                      <th class="text-left">new-group.member-number</th>
                      <th class="text-left">new-group.member-name</th>
                    </tr>
                  </thead>
                  <tbody></tbody>
                </v-simple-table>
              </v-stepper-content>
              <v-stepper-content step="3">
                <v-alert name="info" id="info" type="info" outlined="" dismissible="">new-group.info3</v-alert>
                <!---->
              </v-stepper-content>
            </v-stepper-items>
          </v-stepper>
        </v-card-text>
        <v-card-actions>
          <v-btn color="secondary" name="back" id="back">new-group.back</v-btn>
          <v-spacer></v-spacer>
          <v-btn color="primary" name="next" id="next">new-group.next</v-btn>
        </v-card-actions>
      </v-card>
    </v-col>
  </v-row>
</v-container>
`;
