// Jest Snapshot v1, https://goo.gl/fbAQLP

exports[`ShowGroupDef.vue should render correct form 1`] = `
<v-container fluid="" class="fill-height">
  <v-row align="center" justify="center">
    <v-col cols="12" sm="12" md="8">
      <v-card class="elevation-12">
        <v-toolbar color="primary" dark="" flat="">
          <v-toolbar-title>show-group.formtitle</v-toolbar-title>
          <!---->
          <v-spacer></v-spacer>
          <v-btn icon="">
            <v-icon>mdi-help</v-icon>
          </v-btn>
        </v-toolbar>
        <v-card-text>
          <v-stepper alt-labels="">
            <v-stepper-header>
              <v-stepper-step step="1">show-group.input</v-stepper-step>
              <v-divider></v-divider>
              <v-stepper-step step="2">show-group.result</v-stepper-step>
            </v-stepper-header>
            <v-stepper-items>
              <v-stepper-content step="1">
                <!---->
                <v-alert name="info" id="info" type="info" outlined="" dismissible="">show-group.info</v-alert>
                <!---->
                <v-text-field label="show-group.name" name="groupname" id="groupname" type="text" prepend-icon="mdi-account-group" counter="15" error-messages=""></v-text-field>
                <v-text-field label="show-group.key" name="grouptoken" id="grouptoken" type="password" append-icon="mdi-eye-off" prepend-icon="mdi-key" error-messages=""></v-text-field>
              </v-stepper-content>
              <v-stepper-content step="2">
                <!---->
                <v-alert name="info" id="info" type="info" outlined="" dismissible="">show-group.info2</v-alert>
                <!---->
                <v-alert name="info" id="info" type="info" outlined="" dismissible="">show-group.info3</v-alert>
                <!---->
              </v-stepper-content>
            </v-stepper-items>
          </v-stepper>
        </v-card-text>
        <v-card-actions>
          <v-btn color="secondary" name="back" id="back">show-group.back</v-btn>
          <v-spacer></v-spacer>
          <v-btn color="primary" name="next" id="next">show-group.next</v-btn>
          <!---->
        </v-card-actions>
      </v-card>
    </v-col>
  </v-row>
</v-container>
`;
